The following packages should be updated for best compatibility with the installed expo version:
  react@19.2.6 - expected version: 19.2.0
  react-dom@19.2.6 - expected version: 19.2.0
Your project may not work correctly until you install the expected versions of the packages.
λ  WARN  "shadow*" style props are deprecated. Use "boxShadow". 
  console.warn (C:\Projects\Workhub\node_modules\@expo\cli\src\start\server\serverLogLikeMetro.ts:177:21)
  warnOnce (C:\Projects\Workhub\node_modules\react-native-web\dist\modules\warnOnce\index.js:24:13)
  preprocess (C:\Projects\Workhub\node_modules\react-native-web\dist\exports\StyleSheet\preprocess.js:136:13)
  compileAndInsertAtomic (C:\Projects\Workhub\node_modules\react-native-web\dist\exports\StyleSheet\index.js:56:34)
  forEach (C:\Projects\Workhub\node_modules\react-native-web\dist\exports\StyleSheet\index.js:99:26)
  Function.create (C:\Projects\Workhub\node_modules\react-native-web\dist\exports\StyleSheet\index.js:87:23)
  factory (C:\Projects\Workhub\workhub-mobile\src\components\protected-screen.tsx:204:27)
  loadModuleImplementation (C:\Projects\Workhub\node_modules\@expo\cli\build\metro-require\require.js:248:36)
  guardedLoadModule (C:\Projects\Workhub\node_modules\@expo\cli\build\metro-require\require.js:163:16)
  require (C:\Projects\Workhub\node_modules\@expo\cli\build\metro-require\require.js:74:75)
  factory (C:\Projects\Workhub\workhub-mobile\src\app\calendar\[date].tsx:1:1)
  loadModuleImplementation (C:\Projects\Workhub\node_modules\@expo\cli\build\metro-require\require.js:248:36)
  guardedLoadModule (C:\Projects\Workhub\node_modules\@expo\cli\build\metro-require\require.js:156:27)
  require (C:\Projects\Workhub\node_modules\@expo\cli\build\metro-require\require.js:74:75)
  Object.loadRoute (C:\Projects\Workhub\node_modules\expo-router\build\getRoutesCore.js:233:35)
  getDirectoryTree (C:\Projects\Workhub\node_modules\expo-router\build\getRoutesCore.js:311:40)
  getRoutes (C:\Projects\Workhub\node_modules\expo-router\build\getRoutesCore.js:23:27)
  getRoutes (C:\Projects\Workhub\node_modules\expo-router\build\getRoutes.js:20:41)
  useStore (C:\Projects\Workhub\node_modules\expo-router\build\global-state\router-store.js:145:48)
  Component (C:\Projects\Workhub\node_modules\expo-router\build\ExpoRoot.js:125:46)
  Object.callComponentInDEV [as react_stack_bottom_frame] (C:\Projects\Workhub\node_modules\react-dom\cjs\react-dom-server-legacy.node.development.js:9808:18)
  renderWithHooks (C:\Projects\Workhub\node_modules\react-dom\cjs\react-dom-server-legacy.node.development.js:5062:19)
  run (C:\Projects\Workhub\node_modules\react-dom\cjs\react-dom-server-legacy.node.development.js:5497:23)
  retryNode (C:\Projects\Workhub\node_modules\react-dom\cjs\react-dom-server-legacy.node.development.js:6417:31)
  renderNodeDestructive (C:\Projects\Workhub\node_modules\react-dom\cjs\react-dom-server-legacy.node.development.js:6367:11)
  finishFunctionComponent (C:\Projects\Workhub\node_modules\react-dom\cjs\react-dom-server-legacy.node.development.js:5106:13)
  run (C:\Projects\Workhub\node_modules\react-dom\cjs\react-dom-server-legacy.node.development.js:5552:11)
  retryNode (C:\Projects\Workhub\node_modules\react-dom\cjs\react-dom-server-legacy.node.development.js:6417:31)
  renderNodeDestructive (C:\Projects\Workhub\node_modules\react-dom\cjs\react-dom-server-legacy.node.development.js:6367:11)
  finishFunctionComponent (C:\Projects\Workhub\node_modules\react-dom\cjs\react-dom-server-legacy.node.development.js:5106:13)
  run (C:\Projects\Workhub\node_modules\react-dom\cjs\react-dom-server-legacy.node.development.js:5552:11)
  retryNode (C:\Projects\Workhub\node_modules\react-dom\cjs\react-dom-server-legacy.node.development.js:6417:31)
  renderNodeDestructive (C:\Projects\Workhub\node_modules\react-dom\cjs\react-dom-server-legacy.node.development.js:6367:11)
  run (C:\Projects\Workhub\node_modules\react-dom\cjs\react-dom-server-legacy.node.development.js:6063:15)
  retryNode (C:\Projects\Workhub\node_modules\react-dom\cjs\react-dom-server-legacy.node.development.js:6417:31)
  renderNodeDestructive (C:\Projects\Workhub\node_modules\react-dom\cjs\react-dom-server-legacy.node.development.js:6367:11)
  run (C:\Projects\Workhub\node_modules\react-dom\cjs\react-dom-server-legacy.node.development.js:6063:15)
  retryNode (C:\Projects\Workhub\node_modules\react-dom\cjs\react-dom-server-legacy.node.development.js:6417:31)
  renderNodeDestructive (C:\Projects\Workhub\node_modules\react-dom\cjs\react-dom-server-legacy.node.development.js:6367:11)
  finishFunctionComponent (C:\Projects\Workhub\node_modules\react-dom\cjs\react-dom-server-legacy.node.development.js:5106:13)
  run (C:\Projects\Workhub\node_modules\react-dom\cjs\react-dom-server-legacy.node.development.js:6025:15)
  retryNode (C:\Projects\Workhub\node_modules\react-dom\cjs\react-dom-server-legacy.node.development.js:6417:31)
  renderNodeDestructive (C:\Projects\Workhub\node_modules\react-dom\cjs\react-dom-server-legacy.node.development.js:6367:11)
  run (C:\Projects\Workhub\node_modules\react-dom\cjs\react-dom-server-legacy.node.development.js:6063:15)
  retryNode (C:\Projects\Workhub\node_modules\react-dom\cjs\react-dom-server-legacy.node.development.js:6417:31)
  renderNodeDestructive (C:\Projects\Workhub\node_modules\react-dom\cjs\react-dom-server-legacy.node.development.js:6367:11)
  finishFunctionComponent (C:\Projects\Workhub\node_modules\react-dom\cjs\react-dom-server-legacy.node.development.js:5106:13)
λ  WARN  "shadow*" style props are deprecated. Use "boxShadow". 
  console.warn (C:\Projects\Workhub\node_modules\@expo\cli\src\start\server\serverLogLikeMetro.ts:177:21)
  warnOnce (C:\Projects\Workhub\node_modules\react-native-web\dist\modules\warnOnce\index.js:24:13)
  preprocess (C:\Projects\Workhub\node_modules\react-native-web\dist\exports\StyleSheet\preprocess.js:136:13)
  compileAndInsertAtomic (C:\Projects\Workhub\node_modules\react-native-web\dist\exports\StyleSheet\index.js:56:34)
  forEach (C:\Projects\Workhub\node_modules\react-native-web\dist\exports\StyleSheet\index.js:99:26)
  Function.create (C:\Projects\Workhub\node_modules\react-native-web\dist\exports\StyleSheet\index.js:87:23)
  factory (C:\Projects\Workhub\workhub-mobile\src\components\protected-screen.tsx:204:27)
  loadModuleImplementation (C:\Projects\Workhub\node_modules\@expo\cli\build\metro-require\require.js:248:36)
  guardedLoadModule (C:\Projects\Workhub\node_modules\@expo\cli\build\metro-require\require.js:163:16)
  require (C:\Projects\Workhub\node_modules\@expo\cli\build\metro-require\require.js:74:75)
  factory (C:\Projects\Workhub\workhub-mobile\src\app\calendar\[date].tsx:1:1)
  loadModuleImplementation (C:\Projects\Workhub\node_modules\@expo\cli\build\metro-require\require.js:248:36)
  guardedLoadModule (C:\Projects\Workhub\node_modules\@expo\cli\build\metro-require\require.js:156:27)
  require (C:\Projects\Workhub\node_modules\@expo\cli\build\metro-require\require.js:74:75)
  Object.loadRoute (C:\Projects\Workhub\node_modules\expo-router\build\getRoutesCore.js:233:35)
  getDirectoryTree (C:\Projects\Workhub\node_modules\expo-router\build\getRoutesCore.js:311:40)
  getRoutes (C:\Projects\Workhub\node_modules\expo-router\build\getRoutesCore.js:23:27)
  getRoutes (C:\Projects\Workhub\node_modules\expo-router\build\getRoutes.js:20:41)
  useStore (C:\Projects\Workhub\node_modules\expo-router\build\global-state\router-store.js:145:48)
  Component (C:\Projects\Workhub\node_modules\expo-router\build\ExpoRoot.js:125:46)
  Object.callComponentInDEV [as react_stack_bottom_frame] (C:\Projects\Workhub\node_modules\react-dom\cjs\react-dom-server-legacy.node.development.js:9808:18)
  renderWithHooks (C:\Projects\Workhub\node_modules\react-dom\cjs\react-dom-server-legacy.node.development.js:5062:19)
  run (C:\Projects\Workhub\node_modules\react-dom\cjs\react-dom-server-legacy.node.development.js:5497:23)
  retryNode (C:\Projects\Workhub\node_modules\react-dom\cjs\react-dom-server-legacy.node.development.js:6417:31)
  renderNodeDestructive (C:\Projects\Workhub\node_modules\react-dom\cjs\react-dom-server-legacy.node.development.js:6367:11)
  finishFunctionComponent (C:\Projects\Workhub\node_modules\react-dom\cjs\react-dom-server-legacy.node.development.js:5106:13)
  run (C:\Projects\Workhub\node_modules\react-dom\cjs\react-dom-server-legacy.node.development.js:5552:11)
  retryNode (C:\Projects\Workhub\node_modules\react-dom\cjs\react-dom-server-legacy.node.development.js:6417:31)
  renderNodeDestructive (C:\Projects\Workhub\node_modules\react-dom\cjs\react-dom-server-legacy.node.development.js:6367:11)
  finishFunctionComponent (C:\Projects\Workhub\node_modules\react-dom\cjs\react-dom-server-legacy.node.development.js:5106:13)
  run (C:\Projects\Workhub\node_modules\react-dom\cjs\react-dom-server-legacy.node.development.js:5552:11)
  retryNode (C:\Projects\Workhub\node_modules\react-dom\cjs\react-dom-server-legacy.node.development.js:6417:31)
  renderNodeDestructive (C:\Projects\Workhub\node_modules\react-dom\cjs\react-dom-server-legacy.node.development.js:6367:11)
  run (C:\Projects\Workhub\node_modules\react-dom\cjs\react-dom-server-legacy.node.development.js:6063:15)
  retryNode (C:\Projects\Workhub\node_modules\react-dom\cjs\react-dom-server-legacy.node.development.js:6417:31)
  renderNodeDestructive (C:\Projects\Workhub\node_modules\react-dom\cjs\react-dom-server-legacy.node.development.js:6367:11)
  run (C:\Projects\Workhub\node_modules\react-dom\cjs\react-dom-server-legacy.node.development.js:6063:15)
  retryNode (C:\Projects\Workhub\node_modules\react-dom\cjs\react-dom-server-legacy.node.development.js:6417:31)
  renderNodeDestructive (C:\Projects\Workhub\node_modules\react-dom\cjs\react-dom-server-legacy.node.development.js:6367:11)
  finishFunctionComponent (C:\Projects\Workhub\node_modules\react-dom\cjs\react-dom-server-legacy.node.development.js:5106:13)
  run (C:\Projects\Workhub\node_modules\react-dom\cjs\react-dom-server-legacy.node.development.js:6025:15)
  retryNode (C:\Projects\Workhub\node_modules\react-dom\cjs\react-dom-server-legacy.node.development.js:6417:31)
  renderNodeDestructive (C:\Projects\Workhub\node_modules\react-dom\cjs\react-dom-server-legacy.node.development.js:6367:11)
  run (C:\Projects\Workhub\node_modules\react-dom\cjs\react-dom-server-legacy.node.development.js:6063:15)
  retryNode (C:\Projects\Workhub\node_modules\react-dom\cjs\react-dom-server-legacy.node.development.js:6417:31)
  renderNodeDestructive (C:\Projects\Workhub\node_modules\react-dom\cjs\react-dom-server-legacy.node.development.js:6367:11)
  finishFunctionComponent (C:\Projects\Workhub\node_modules\react-dom\cjs\react-dom-server-legacy.node.development.js:5106:13)
λ  WARN  "shadow*" style props are deprecated. Use "boxShadow". 
  console.warn (C:\Projects\Workhub\node_modules\@expo\cli\src\start\server\serverLogLikeMetro.ts:177:21)
  warnOnce (C:\Projects\Workhub\node_modules\react-native-web\dist\modules\warnOnce\index.js:24:13)
  preprocess (C:\Projects\Workhub\node_modules\react-native-web\dist\exports\StyleSheet\preprocess.js:136:13)
  compileAndInsertAtomic (C:\Projects\Workhub\node_modules\react-native-web\dist\exports\StyleSheet\index.js:56:34)
  forEach (C:\Projects\Workhub\node_modules\react-native-web\dist\exports\StyleSheet\index.js:99:26)
  Function.create (C:\Projects\Workhub\node_modules\react-native-web\dist\exports\StyleSheet\index.js:87:23)
  factory (C:\Projects\Workhub\workhub-mobile\src\components\protected-screen.tsx:204:27)
  loadModuleImplementation (C:\Projects\Workhub\node_modules\@expo\cli\build\metro-require\require.js:248:36)
  guardedLoadModule (C:\Projects\Workhub\node_modules\@expo\cli\build\metro-require\require.js:163:16)
  require (C:\Projects\Workhub\node_modules\@expo\cli\build\metro-require\require.js:74:75)
  factory (C:\Projects\Workhub\workhub-mobile\src\app\calendar\[date].tsx:1:1)
  loadModuleImplementation (C:\Projects\Workhub\node_modules\@expo\cli\build\metro-require\require.js:248:36)
  guardedLoadModule (C:\Projects\Workhub\node_modules\@expo\cli\build\metro-require\require.js:156:27)
  require (C:\Projects\Workhub\node_modules\@expo\cli\build\metro-require\require.js:74:75)
  Object.loadRoute (C:\Projects\Workhub\node_modules\expo-router\build\getRoutesCore.js:233:35)
  getDirectoryTree (C:\Projects\Workhub\node_modules\expo-router\build\getRoutesCore.js:311:40)
  getRoutes (C:\Projects\Workhub\node_modules\expo-router\build\getRoutesCore.js:23:27)
  getRoutes (C:\Projects\Workhub\node_modules\expo-router\build\getRoutes.js:20:41)
  useStore (C:\Projects\Workhub\node_modules\expo-router\build\global-state\router-store.js:145:48)
  Component (C:\Projects\Workhub\node_modules\expo-router\build\ExpoRoot.js:125:46)
  Object.callComponentInDEV [as react_stack_bottom_frame] (C:\Projects\Workhub\node_modules\react-dom\cjs\react-dom-server-legacy.node.development.js:9808:18)
  renderWithHooks (C:\Projects\Workhub\node_modules\react-dom\cjs\react-dom-server-legacy.node.development.js:5062:19)
  run (C:\Projects\Workhub\node_modules\react-dom\cjs\react-dom-server-legacy.node.development.js:5497:23)
  retryNode (C:\Projects\Workhub\node_modules\react-dom\cjs\react-dom-server-legacy.node.development.js:6417:31)
  renderNodeDestructive (C:\Projects\Workhub\node_modules\react-dom\cjs\react-dom-server-legacy.node.development.js:6367:11)
  finishFunctionComponent (C:\Projects\Workhub\node_modules\react-dom\cjs\react-dom-server-legacy.node.development.js:5106:13)
  run (C:\Projects\Workhub\node_modules\react-dom\cjs\react-dom-server-legacy.node.development.js:5552:11)
  retryNode (C:\Projects\Workhub\node_modules\react-dom\cjs\react-dom-server-legacy.node.development.js:6417:31)
  renderNodeDestructive (C:\Projects\Workhub\node_modules\react-dom\cjs\react-dom-server-legacy.node.development.js:6367:11)
  finishFunctionComponent (C:\Projects\Workhub\node_modules\react-dom\cjs\react-dom-server-legacy.node.development.js:5106:13)
  run (C:\Projects\Workhub\node_modules\react-dom\cjs\react-dom-server-legacy.node.development.js:5552:11)
  retryNode (C:\Projects\Workhub\node_modules\react-dom\cjs\react-dom-server-legacy.node.development.js:6417:31)
  renderNodeDestructive (C:\Projects\Workhub\node_modules\react-dom\cjs\react-dom-server-legacy.node.development.js:6367:11)
  run (C:\Projects\Workhub\node_modules\react-dom\cjs\react-dom-server-legacy.node.development.js:6063:15)
  retryNode (C:\Projects\Workhub\node_modules\react-dom\cjs\react-dom-server-legacy.node.development.js:6417:31)
  renderNodeDestructive (C:\Projects\Workhub\node_modules\react-dom\cjs\react-dom-server-legacy.node.development.js:6367:11)
  run (C:\Projects\Workhub\node_modules\react-dom\cjs\react-dom-server-legacy.node.development.js:6063:15)
  retryNode (C:\Projects\Workhub\node_modules\react-dom\cjs\react-dom-server-legacy.node.development.js:6417:31)
  renderNodeDestructive (C:\Projects\Workhub\node_modules\react-dom\cjs\react-dom-server-legacy.node.development.js:6367:11)
  finishFunctionComponent (C:\Projects\Workhub\node_modules\react-dom\cjs\react-dom-server-legacy.node.development.js:5106:13)
  run (C:\Projects\Workhub\node_modules\react-dom\cjs\react-dom-server-legacy.node.development.js:6025:15)
  retryNode (C:\Projects\Workhub\node_modules\react-dom\cjs\react-dom-server-legacy.node.development.js:6417:31)
  renderNodeDestructive (C:\Projects\Workhub\node_modules\react-dom\cjs\react-dom-server-legacy.node.development.js:6367:11)
  run (C:\Projects\Workhub\node_modules\react-dom\cjs\react-dom-server-legacy.node.development.js:6063:15)
  retryNode (C:\Projects\Workhub\node_modules\react-dom\cjs\react-dom-server-legacy.node.development.js:6417:31)
  renderNodeDestructive (C:\Projects\Workhub\node_modules\react-dom\cjs\react-dom-server-legacy.node.development.js:6367:11)
  finishFunctionComponent (C:\Projects\Workhub\node_modules\react-dom\cjs\react-dom-server-legacy.node.development.js:5106:13)
λ  WARN  "shadow*" style props are deprecated. Use "boxShadow". 
  console.warn (C:\Projects\Workhub\node_modules\@expo\cli\src\start\server\serverLogLikeMetro.ts:177:21)
  warnOnce (C:\Projects\Workhub\node_modules\react-native-web\dist\modules\warnOnce\index.js:24:13)
  preprocess (C:\Projects\Workhub\node_modules\react-native-web\dist\exports\StyleSheet\preprocess.js:136:13)
  compileAndInsertAtomic (C:\Projects\Workhub\node_modules\react-native-web\dist\exports\StyleSheet\index.js:56:34)
  forEach (C:\Projects\Workhub\node_modules\react-native-web\dist\exports\StyleSheet\index.js:99:26)
  Function.create (C:\Projects\Workhub\node_modules\react-native-web\dist\exports\StyleSheet\index.js:87:23)
  factory (C:\Projects\Workhub\workhub-mobile\src\components\protected-screen.tsx:204:27)
  loadModuleImplementation (C:\Projects\Workhub\node_modules\@expo\cli\build\metro-require\require.js:248:36)
  guardedLoadModule (C:\Projects\Workhub\node_modules\@expo\cli\build\metro-require\require.js:163:16)
  require (C:\Projects\Workhub\node_modules\@expo\cli\build\metro-require\require.js:74:75)
  factory (C:\Projects\Workhub\workhub-mobile\src\app\calendar\[date].tsx:1:1)
  loadModuleImplementation (C:\Projects\Workhub\node_modules\@expo\cli\build\metro-require\require.js:248:36)
  guardedLoadModule (C:\Projects\Workhub\node_modules\@expo\cli\build\metro-require\require.js:156:27)
  require (C:\Projects\Workhub\node_modules\@expo\cli\build\metro-require\require.js:74:75)
  Object.loadRoute (C:\Projects\Workhub\node_modules\expo-router\build\getRoutesCore.js:233:35)
  getDirectoryTree (C:\Projects\Workhub\node_modules\expo-router\build\getRoutesCore.js:311:40)
  getRoutes (C:\Projects\Workhub\node_modules\expo-router\build\getRoutesCore.js:23:27)
  getRoutes (C:\Projects\Workhub\node_modules\expo-router\build\getRoutes.js:20:41)
  useStore (C:\Projects\Workhub\node_modules\expo-router\build\global-state\router-store.js:145:48)
  Component (C:\Projects\Workhub\node_modules\expo-router\build\ExpoRoot.js:125:46)
  Object.callComponentInDEV [as react_stack_bottom_frame] (C:\Projects\Workhub\node_modules\react-dom\cjs\react-dom-server-legacy.node.development.js:9808:18)
  renderWithHooks (C:\Projects\Workhub\node_modules\react-dom\cjs\react-dom-server-legacy.node.development.js:5062:19)
  run (C:\Projects\Workhub\node_modules\react-dom\cjs\react-dom-server-legacy.node.development.js:5497:23)
  retryNode (C:\Projects\Workhub\node_modules\react-dom\cjs\react-dom-server-legacy.node.development.js:6417:31)
  renderNodeDestructive (C:\Projects\Workhub\node_modules\react-dom\cjs\react-dom-server-legacy.node.development.js:6367:11)
  finishFunctionComponent (C:\Projects\Workhub\node_modules\react-dom\cjs\react-dom-server-legacy.node.development.js:5106:13)
  run (C:\Projects\Workhub\node_modules\react-dom\cjs\react-dom-server-legacy.node.development.js:5552:11)
  retryNode (C:\Projects\Workhub\node_modules\react-dom\cjs\react-dom-server-legacy.node.development.js:6417:31)
  renderNodeDestructive (C:\Projects\Workhub\node_modules\react-dom\cjs\react-dom-server-legacy.node.development.js:6367:11)
  finishFunctionComponent (C:\Projects\Workhub\node_modules\react-dom\cjs\react-dom-server-legacy.node.development.js:5106:13)
  run (C:\Projects\Workhub\node_modules\react-dom\cjs\react-dom-server-legacy.node.development.js:5552:11)
  retryNode (C:\Projects\Workhub\node_modules\react-dom\cjs\react-dom-server-legacy.node.development.js:6417:31)
  renderNodeDestructive (C:\Projects\Workhub\node_modules\react-dom\cjs\react-dom-server-legacy.node.development.js:6367:11)
  run (C:\Projects\Workhub\node_modules\react-dom\cjs\react-dom-server-legacy.node.development.js:6063:15)
  retryNode (C:\Projects\Workhub\node_modules\react-dom\cjs\react-dom-server-legacy.node.development.js:6417:31)
  renderNodeDestructive (C:\Projects\Workhub\node_modules\react-dom\cjs\react-dom-server-legacy.node.development.js:6367:11)
  run (C:\Projects\Workhub\node_modules\react-dom\cjs\react-dom-server-legacy.node.development.js:6063:15)
  retryNode (C:\Projects\Workhub\node_modules\react-dom\cjs\react-dom-server-legacy.node.development.js:6417:31)
  renderNodeDestructive (C:\Projects\Workhub\node_modules\react-dom\cjs\react-dom-server-legacy.node.development.js:6367:11)
  finishFunctionComponent (C:\Projects\Workhub\node_modules\react-dom\cjs\react-dom-server-legacy.node.development.js:5106:13)
  run (C:\Projects\Workhub\node_modules\react-dom\cjs\react-dom-server-legacy.node.development.js:6025:15)
  retryNode (C:\Projects\Workhub\node_modules\react-dom\cjs\react-dom-server-legacy.node.development.js:6417:31)
  renderNodeDestructive (C:\Projects\Workhub\node_modules\react-dom\cjs\react-dom-server-legacy.node.development.js:6367:11)
  run (C:\Projects\Workhub\node_modules\react-dom\cjs\react-dom-server-legacy.node.development.js:6063:15)
  retryNode (C:\Projects\Workhub\node_modules\react-dom\cjs\react-dom-server-legacy.node.development.js:6417:31)
  renderNodeDestructive (C:\Projects\Workhub\node_modules\react-dom\cjs\react-dom-server-legacy.node.development.js:6367:11)
  finishFunctionComponent (C:\Projects\Workhub\node_modules\react-dom\cjs\react-dom-server-legacy.node.development.js:5106:13)
λ  WARN  "shadow*" style props are deprecated. Use "boxShadow". 
  console.warn (C:\Projects\Workhub\node_modules\@expo\cli\src\start\server\serverLogLikeMetro.ts:177:21)
  warnOnce (C:\Projects\Workhub\node_modules\react-native-web\dist\modules\warnOnce\index.js:24:13)
  preprocess (C:\Projects\Workhub\node_modules\react-native-web\dist\exports\StyleSheet\preprocess.js:136:13)
  compileAndInsertAtomic (C:\Projects\Workhub\node_modules\react-native-web\dist\exports\StyleSheet\index.js:56:34)
  forEach (C:\Projects\Workhub\node_modules\react-native-web\dist\exports\StyleSheet\index.js:99:26)
  Function.create (C:\Projects\Workhub\node_modules\react-native-web\dist\exports\StyleSheet\index.js:87:23)
  factory (C:\Projects\Workhub\workhub-mobile\src\components\protected-screen.tsx:204:27)
  loadModuleImplementation (C:\Projects\Workhub\node_modules\@expo\cli\build\metro-require\require.js:248:36)
  guardedLoadModule (C:\Projects\Workhub\node_modules\@expo\cli\build\metro-require\require.js:163:16)
  require (C:\Projects\Workhub\node_modules\@expo\cli\build\metro-require\require.js:74:75)
  factory (C:\Projects\Workhub\workhub-mobile\src\app\calendar\[date].tsx:1:1)
  loadModuleImplementation (C:\Projects\Workhub\node_modules\@expo\cli\build\metro-require\require.js:248:36)
  guardedLoadModule (C:\Projects\Workhub\node_modules\@expo\cli\build\metro-require\require.js:156:27)
  require (C:\Projects\Workhub\node_modules\@expo\cli\build\metro-require\require.js:74:75)
  Object.loadRoute (C:\Projects\Workhub\node_modules\expo-router\build\getRoutesCore.js:233:35)
  getDirectoryTree (C:\Projects\Workhub\node_modules\expo-router\build\getRoutesCore.js:311:40)
  getRoutes (C:\Projects\Workhub\node_modules\expo-router\build\getRoutesCore.js:23:27)
  getRoutes (C:\Projects\Workhub\node_modules\expo-router\build\getRoutes.js:20:41)
  useStore (C:\Projects\Workhub\node_modules\expo-router\build\global-state\router-store.js:145:48)
  Component (C:\Projects\Workhub\node_modules\expo-router\build\ExpoRoot.js:125:46)
  Object.callComponentInDEV [as react_stack_bottom_frame] (C:\Projects\Workhub\node_modules\react-dom\cjs\react-dom-server-legacy.node.development.js:9808:18)
  renderWithHooks (C:\Projects\Workhub\node_modules\react-dom\cjs\react-dom-server-legacy.node.development.js:5062:19)
  run (C:\Projects\Workhub\node_modules\react-dom\cjs\react-dom-server-legacy.node.development.js:5497:23)
  retryNode (C:\Projects\Workhub\node_modules\react-dom\cjs\react-dom-server-legacy.node.development.js:6417:31)
  renderNodeDestructive (C:\Projects\Workhub\node_modules\react-dom\cjs\react-dom-server-legacy.node.development.js:6367:11)
  finishFunctionComponent (C:\Projects\Workhub\node_modules\react-dom\cjs\react-dom-server-legacy.node.development.js:5106:13)
  run (C:\Projects\Workhub\node_modules\react-dom\cjs\react-dom-server-legacy.node.development.js:5552:11)
  retryNode (C:\Projects\Workhub\node_modules\react-dom\cjs\react-dom-server-legacy.node.development.js:6417:31)
  renderNodeDestructive (C:\Projects\Workhub\node_modules\react-dom\cjs\react-dom-server-legacy.node.development.js:6367:11)
  finishFunctionComponent (C:\Projects\Workhub\node_modules\react-dom\cjs\react-dom-server-legacy.node.development.js:5106:13)
  run (C:\Projects\Workhub\node_modules\react-dom\cjs\react-dom-server-legacy.node.development.js:5552:11)
  retryNode (C:\Projects\Workhub\node_modules\react-dom\cjs\react-dom-server-legacy.node.development.js:6417:31)
  renderNodeDestructive (C:\Projects\Workhub\node_modules\react-dom\cjs\react-dom-server-legacy.node.development.js:6367:11)
  run (C:\Projects\Workhub\node_modules\react-dom\cjs\react-dom-server-legacy.node.development.js:6063:15)
  retryNode (C:\Projects\Workhub\node_modules\react-dom\cjs\react-dom-server-legacy.node.development.js:6417:31)
  renderNodeDestructive (C:\Projects\Workhub\node_modules\react-dom\cjs\react-dom-server-legacy.node.development.js:6367:11)
  run (C:\Projects\Workhub\node_modules\react-dom\cjs\react-dom-server-legacy.node.development.js:6063:15)
  retryNode (C:\Projects\Workhub\node_modules\react-dom\cjs\react-dom-server-legacy.node.development.js:6417:31)
  renderNodeDestructive (C:\Projects\Workhub\node_modules\react-dom\cjs\react-dom-server-legacy.node.development.js:6367:11)
  finishFunctionComponent (C:\Projects\Workhub\node_modules\react-dom\cjs\react-dom-server-legacy.node.development.js:5106:13)
  run (C:\Projects\Workhub\node_modules\react-dom\cjs\react-dom-server-legacy.node.development.js:6025:15)
  retryNode (C:\Projects\Workhub\node_modules\react-dom\cjs\react-dom-server-legacy.node.development.js:6417:31)
  renderNodeDestructive (C:\Projects\Workhub\node_modules\react-dom\cjs\react-dom-server-legacy.node.development.js:6367:11)
  run (C:\Projects\Workhub\node_modules\react-dom\cjs\react-dom-server-legacy.node.development.js:6063:15)
  retryNode (C:\Projects\Workhub\node_modules\react-dom\cjs\react-dom-server-legacy.node.development.js:6417:31)
  renderNodeDestructive (C:\Projects\Workhub\node_modules\react-dom\cjs\react-dom-server-legacy.node.development.js:6367:11)
  finishFunctionComponent (C:\Projects\Workhub\node_modules\react-dom\cjs\react-dom-server-legacy.node.development.js:5106:13)
λ  WARN  "shadow*" style props are deprecated. Use "boxShadow". 
  console.warn (C:\Projects\Workhub\node_modules\@expo\cli\src\start\server\serverLogLikeMetro.ts:177:21)
  warnOnce (C:\Projects\Workhub\node_modules\react-native-web\dist\modules\warnOnce\index.js:24:13)
  preprocess (C:\Projects\Workhub\node_modules\react-native-web\dist\exports\StyleSheet\preprocess.js:136:13)
  compileAndInsertAtomic (C:\Projects\Workhub\node_modules\react-native-web\dist\exports\StyleSheet\index.js:56:34)
  forEach (C:\Projects\Workhub\node_modules\react-native-web\dist\exports\StyleSheet\index.js:99:26)
  Function.create (C:\Projects\Workhub\node_modules\react-native-web\dist\exports\StyleSheet\index.js:87:23)
  factory (C:\Projects\Workhub\workhub-mobile\src\components\protected-screen.tsx:204:27)
  loadModuleImplementation (C:\Projects\Workhub\node_modules\@expo\cli\build\metro-require\require.js:248:36)
  guardedLoadModule (C:\Projects\Workhub\node_modules\@expo\cli\build\metro-require\require.js:163:16)
  require (C:\Projects\Workhub\node_modules\@expo\cli\build\metro-require\require.js:74:75)
  factory (C:\Projects\Workhub\workhub-mobile\src\app\calendar\[date].tsx:1:1)
  loadModuleImplementation (C:\Projects\Workhub\node_modules\@expo\cli\build\metro-require\require.js:248:36)
  guardedLoadModule (C:\Projects\Workhub\node_modules\@expo\cli\build\metro-require\require.js:156:27)
  require (C:\Projects\Workhub\node_modules\@expo\cli\build\metro-require\require.js:74:75)
  Object.loadRoute (C:\Projects\Workhub\node_modules\expo-router\build\getRoutesCore.js:233:35)
  getDirectoryTree (C:\Projects\Workhub\node_modules\expo-router\build\getRoutesCore.js:311:40)
  getRoutes (C:\Projects\Workhub\node_modules\expo-router\build\getRoutesCore.js:23:27)
  getRoutes (C:\Projects\Workhub\node_modules\expo-router\build\getRoutes.js:20:41)
  useStore (C:\Projects\Workhub\node_modules\expo-router\build\global-state\router-store.js:145:48)
  Component (C:\Projects\Workhub\node_modules\expo-router\build\ExpoRoot.js:125:46)
  Object.callComponentInDEV [as react_stack_bottom_frame] (C:\Projects\Workhub\node_modules\react-dom\cjs\react-dom-server-legacy.node.development.js:9808:18)
  renderWithHooks (C:\Projects\Workhub\node_modules\react-dom\cjs\react-dom-server-legacy.node.development.js:5062:19)
  run (C:\Projects\Workhub\node_modules\react-dom\cjs\react-dom-server-legacy.node.development.js:5497:23)
  retryNode (C:\Projects\Workhub\node_modules\react-dom\cjs\react-dom-server-legacy.node.development.js:6417:31)
  renderNodeDestructive (C:\Projects\Workhub\node_modules\react-dom\cjs\react-dom-server-legacy.node.development.js:6367:11)
  finishFunctionComponent (C:\Projects\Workhub\node_modules\react-dom\cjs\react-dom-server-legacy.node.development.js:5106:13)
  run (C:\Projects\Workhub\node_modules\react-dom\cjs\react-dom-server-legacy.node.development.js:5552:11)
  retryNode (C:\Projects\Workhub\node_modules\react-dom\cjs\react-dom-server-legacy.node.development.js:6417:31)
  renderNodeDestructive (C:\Projects\Workhub\node_modules\react-dom\cjs\react-dom-server-legacy.node.development.js:6367:11)
  finishFunctionComponent (C:\Projects\Workhub\node_modules\react-dom\cjs\react-dom-server-legacy.node.development.js:5106:13)
  run (C:\Projects\Workhub\node_modules\react-dom\cjs\react-dom-server-legacy.node.development.js:5552:11)
  retryNode (C:\Projects\Workhub\node_modules\react-dom\cjs\react-dom-server-legacy.node.development.js:6417:31)
  renderNodeDestructive (C:\Projects\Workhub\node_modules\react-dom\cjs\react-dom-server-legacy.node.development.js:6367:11)
  run (C:\Projects\Workhub\node_modules\react-dom\cjs\react-dom-server-legacy.node.development.js:6063:15)
  retryNode (C:\Projects\Workhub\node_modules\react-dom\cjs\react-dom-server-legacy.node.development.js:6417:31)
  renderNodeDestructive (C:\Projects\Workhub\node_modules\react-dom\cjs\react-dom-server-legacy.node.development.js:6367:11)
  run (C:\Projects\Workhub\node_modules\react-dom\cjs\react-dom-server-legacy.node.development.js:6063:15)
  retryNode (C:\Projects\Workhub\node_modules\react-dom\cjs\react-dom-server-legacy.node.development.js:6417:31)
  renderNodeDestructive (C:\Projects\Workhub\node_modules\react-dom\cjs\react-dom-server-legacy.node.development.js:6367:11)
  finishFunctionComponent (C:\Projects\Workhub\node_modules\react-dom\cjs\react-dom-server-legacy.node.development.js:5106:13)
  run (C:\Projects\Workhub\node_modules\react-dom\cjs\react-dom-server-legacy.node.development.js:6025:15)
  retryNode (C:\Projects\Workhub\node_modules\react-dom\cjs\react-dom-server-legacy.node.development.js:6417:31)
  renderNodeDestructive (C:\Projects\Workhub\node_modules\react-dom\cjs\react-dom-server-legacy.node.development.js:6367:11)
  run (C:\Projects\Workhub\node_modules\react-dom\cjs\react-dom-server-legacy.node.development.js:6063:15)
  retryNode (C:\Projects\Workhub\node_modules\react-dom\cjs\react-dom-server-legacy.node.development.js:6417:31)
  renderNodeDestructive (C:\Projects\Workhub\node_modules\react-dom\cjs\react-dom-server-legacy.node.development.js:6367:11)
  finishFunctionComponent (C:\Projects\Workhub\node_modules\react-dom\cjs\react-dom-server-legacy.node.development.js:5106:13)
λ  WARN  "shadow*" style props are deprecated. Use "boxShadow". 
  console.warn (C:\Projects\Workhub\node_modules\@expo\cli\src\start\server\serverLogLikeMetro.ts:177:21)
  warnOnce (C:\Projects\Workhub\node_modules\react-native-web\dist\modules\warnOnce\index.js:24:13)
  preprocess (C:\Projects\Workhub\node_modules\react-native-web\dist\exports\StyleSheet\preprocess.js:136:13)
  compileAndInsertAtomic (C:\Projects\Workhub\node_modules\react-native-web\dist\exports\StyleSheet\index.js:56:34)
  forEach (C:\Projects\Workhub\node_modules\react-native-web\dist\exports\StyleSheet\index.js:99:26)
  Function.create (C:\Projects\Workhub\node_modules\react-native-web\dist\exports\StyleSheet\index.js:87:23)
  factory (C:\Projects\Workhub\workhub-mobile\src\components\protected-screen.tsx:204:27)
  loadModuleImplementation (C:\Projects\Workhub\node_modules\@expo\cli\build\metro-require\require.js:248:36)
  guardedLoadModule (C:\Projects\Workhub\node_modules\@expo\cli\build\metro-require\require.js:163:16)
  require (C:\Projects\Workhub\node_modules\@expo\cli\build\metro-require\require.js:74:75)
  factory (C:\Projects\Workhub\workhub-mobile\src\app\calendar\[date].tsx:1:1)
  loadModuleImplementation (C:\Projects\Workhub\node_modules\@expo\cli\build\metro-require\require.js:248:36)
  guardedLoadModule (C:\Projects\Workhub\node_modules\@expo\cli\build\metro-require\require.js:156:27)
  require (C:\Projects\Workhub\node_modules\@expo\cli\build\metro-require\require.js:74:75)
  Object.loadRoute (C:\Projects\Workhub\node_modules\expo-router\build\getRoutesCore.js:233:35)
  getDirectoryTree (C:\Projects\Workhub\node_modules\expo-router\build\getRoutesCore.js:311:40)
  getRoutes (C:\Projects\Workhub\node_modules\expo-router\build\getRoutesCore.js:23:27)
  getRoutes (C:\Projects\Workhub\node_modules\expo-router\build\getRoutes.js:20:41)
  useStore (C:\Projects\Workhub\node_modules\expo-router\build\global-state\router-store.js:145:48)
  Component (C:\Projects\Workhub\node_modules\expo-router\build\ExpoRoot.js:125:46)
  Object.callComponentInDEV [as react_stack_bottom_frame] (C:\Projects\Workhub\node_modules\react-dom\cjs\react-dom-server-legacy.node.development.js:9808:18)
  renderWithHooks (C:\Projects\Workhub\node_modules\react-dom\cjs\react-dom-server-legacy.node.development.js:5062:19)
  run (C:\Projects\Workhub\node_modules\react-dom\cjs\react-dom-server-legacy.node.development.js:5497:23)
  retryNode (C:\Projects\Workhub\node_modules\react-dom\cjs\react-dom-server-legacy.node.development.js:6417:31)
  renderNodeDestructive (C:\Projects\Workhub\node_modules\react-dom\cjs\react-dom-server-legacy.node.development.js:6367:11)
  finishFunctionComponent (C:\Projects\Workhub\node_modules\react-dom\cjs\react-dom-server-legacy.node.development.js:5106:13)
  run (C:\Projects\Workhub\node_modules\react-dom\cjs\react-dom-server-legacy.node.development.js:5552:11)
  retryNode (C:\Projects\Workhub\node_modules\react-dom\cjs\react-dom-server-legacy.node.development.js:6417:31)
  renderNodeDestructive (C:\Projects\Workhub\node_modules\react-dom\cjs\react-dom-server-legacy.node.development.js:6367:11)
  finishFunctionComponent (C:\Projects\Workhub\node_modules\react-dom\cjs\react-dom-server-legacy.node.development.js:5106:13)
  run (C:\Projects\Workhub\node_modules\react-dom\cjs\react-dom-server-legacy.node.development.js:5552:11)
  retryNode (C:\Projects\Workhub\node_modules\react-dom\cjs\react-dom-server-legacy.node.development.js:6417:31)
  renderNodeDestructive (C:\Projects\Workhub\node_modules\react-dom\cjs\react-dom-server-legacy.node.development.js:6367:11)
  run (C:\Projects\Workhub\node_modules\react-dom\cjs\react-dom-server-legacy.node.development.js:6063:15)
  retryNode (C:\Projects\Workhub\node_modules\react-dom\cjs\react-dom-server-legacy.node.development.js:6417:31)
  renderNodeDestructive (C:\Projects\Workhub\node_modules\react-dom\cjs\react-dom-server-legacy.node.development.js:6367:11)
  run (C:\Projects\Workhub\node_modules\react-dom\cjs\react-dom-server-legacy.node.development.js:6063:15)
  retryNode (C:\Projects\Workhub\node_modules\react-dom\cjs\react-dom-server-legacy.node.development.js:6417:31)
  renderNodeDestructive (C:\Projects\Workhub\node_modules\react-dom\cjs\react-dom-server-legacy.node.development.js:6367:11)
  finishFunctionComponent (C:\Projects\Workhub\node_modules\react-dom\cjs\react-dom-server-legacy.node.development.js:5106:13)
  run (C:\Projects\Workhub\node_modules\react-dom\cjs\react-dom-server-legacy.node.development.js:6025:15)
  retryNode (C:\Projects\Workhub\node_modules\react-dom\cjs\react-dom-server-legacy.node.development.js:6417:31)
  renderNodeDestructive (C:\Projects\Workhub\node_modules\react-dom\cjs\react-dom-server-legacy.node.development.js:6367:11)
  run (C:\Projects\Workhub\node_modules\react-dom\cjs\react-dom-server-legacy.node.development.js:6063:15)
  retryNode (C:\Projects\Workhub\node_modules\react-dom\cjs\react-dom-server-legacy.node.development.js:6417:31)
  renderNodeDestructive (C:\Projects\Workhub\node_modules\react-dom\cjs\react-dom-server-legacy.node.development.js:6367:11)
  finishFunctionComponent (C:\Projects\Workhub\node_modules\react-dom\cjs\react-dom-server-legacy.node.development.js:5106:13)
λ  WARN  "shadow*" style props are deprecated. Use "boxShadow". 
  console.warn (C:\Projects\Workhub\node_modules\@expo\cli\src\start\server\serverLogLikeMetro.ts:177:21)
  warnOnce (C:\Projects\Workhub\node_modules\react-native-web\dist\modules\warnOnce\index.js:24:13)
  preprocess (C:\Projects\Workhub\node_modules\react-native-web\dist\exports\StyleSheet\preprocess.js:136:13)
  compileAndInsertAtomic (C:\Projects\Workhub\node_modules\react-native-web\dist\exports\StyleSheet\index.js:56:34)
  forEach (C:\Projects\Workhub\node_modules\react-native-web\dist\exports\StyleSheet\index.js:99:26)
  Function.create (C:\Projects\Workhub\node_modules\react-native-web\dist\exports\StyleSheet\index.js:87:23)
  factory (C:\Projects\Workhub\workhub-mobile\src\components\protected-screen.tsx:204:27)
  loadModuleImplementation (C:\Projects\Workhub\node_modules\@expo\cli\build\metro-require\require.js:248:36)
  guardedLoadModule (C:\Projects\Workhub\node_modules\@expo\cli\build\metro-require\require.js:163:16)
  require (C:\Projects\Workhub\node_modules\@expo\cli\build\metro-require\require.js:74:75)
  factory (C:\Projects\Workhub\workhub-mobile\src\app\calendar\[date].tsx:1:1)
  loadModuleImplementation (C:\Projects\Workhub\node_modules\@expo\cli\build\metro-require\require.js:248:36)
  guardedLoadModule (C:\Projects\Workhub\node_modules\@expo\cli\build\metro-require\require.js:156:27)
  require (C:\Projects\Workhub\node_modules\@expo\cli\build\metro-require\require.js:74:75)
  Object.loadRoute (C:\Projects\Workhub\node_modules\expo-router\build\getRoutesCore.js:233:35)
  getDirectoryTree (C:\Projects\Workhub\node_modules\expo-router\build\getRoutesCore.js:311:40)
  getRoutes (C:\Projects\Workhub\node_modules\expo-router\build\getRoutesCore.js:23:27)
  getRoutes (C:\Projects\Workhub\node_modules\expo-router\build\getRoutes.js:20:41)
  useStore (C:\Projects\Workhub\node_modules\expo-router\build\global-state\router-store.js:145:48)
  Component (C:\Projects\Workhub\node_modules\expo-router\build\ExpoRoot.js:125:46)
  Object.callComponentInDEV [as react_stack_bottom_frame] (C:\Projects\Workhub\node_modules\react-dom\cjs\react-dom-server-legacy.node.development.js:9808:18)
  renderWithHooks (C:\Projects\Workhub\node_modules\react-dom\cjs\react-dom-server-legacy.node.development.js:5062:19)
  run (C:\Projects\Workhub\node_modules\react-dom\cjs\react-dom-server-legacy.node.development.js:5497:23)
  retryNode (C:\Projects\Workhub\node_modules\react-dom\cjs\react-dom-server-legacy.node.development.js:6417:31)
  renderNodeDestructive (C:\Projects\Workhub\node_modules\react-dom\cjs\react-dom-server-legacy.node.development.js:6367:11)
  finishFunctionComponent (C:\Projects\Workhub\node_modules\react-dom\cjs\react-dom-server-legacy.node.development.js:5106:13)
  run (C:\Projects\Workhub\node_modules\react-dom\cjs\react-dom-server-legacy.node.development.js:5552:11)
  retryNode (C:\Projects\Workhub\node_modules\react-dom\cjs\react-dom-server-legacy.node.development.js:6417:31)
  renderNodeDestructive (C:\Projects\Workhub\node_modules\react-dom\cjs\react-dom-server-legacy.node.development.js:6367:11)
  finishFunctionComponent (C:\Projects\Workhub\node_modules\react-dom\cjs\react-dom-server-legacy.node.development.js:5106:13)
  run (C:\Projects\Workhub\node_modules\react-dom\cjs\react-dom-server-legacy.node.development.js:5552:11)
  retryNode (C:\Projects\Workhub\node_modules\react-dom\cjs\react-dom-server-legacy.node.development.js:6417:31)
  renderNodeDestructive (C:\Projects\Workhub\node_modules\react-dom\cjs\react-dom-server-legacy.node.development.js:6367:11)
  run (C:\Projects\Workhub\node_modules\react-dom\cjs\react-dom-server-legacy.node.development.js:6063:15)
  retryNode (C:\Projects\Workhub\node_modules\react-dom\cjs\react-dom-server-legacy.node.development.js:6417:31)
  renderNodeDestructive (C:\Projects\Workhub\node_modules\react-dom\cjs\react-dom-server-legacy.node.development.js:6367:11)
  run (C:\Projects\Workhub\node_modules\react-dom\cjs\react-dom-server-legacy.node.development.js:6063:15)
  retryNode (C:\Projects\Workhub\node_modules\react-dom\cjs\react-dom-server-legacy.node.development.js:6417:31)
  renderNodeDestructive (C:\Projects\Workhub\node_modules\react-dom\cjs\react-dom-server-legacy.node.development.js:6367:11)
  finishFunctionComponent (C:\Projects\Workhub\node_modules\react-dom\cjs\react-dom-server-legacy.node.development.js:5106:13)
  run (C:\Projects\Workhub\node_modules\react-dom\cjs\react-dom-server-legacy.node.development.js:6025:15)
  retryNode (C:\Projects\Workhub\node_modules\react-dom\cjs\react-dom-server-legacy.node.development.js:6417:31)
  renderNodeDestructive (C:\Projects\Workhub\node_modules\react-dom\cjs\react-dom-server-legacy.node.development.js:6367:11)
  run (C:\Projects\Workhub\node_modules\react-dom\cjs\react-dom-server-legacy.node.development.js:6063:15)
  retryNode (C:\Projects\Workhub\node_modules\react-dom\cjs\react-dom-server-legacy.node.development.js:6417:31)
  renderNodeDestructive (C:\Projects\Workhub\node_modules\react-dom\cjs\react-dom-server-legacy.node.development.js:6367:11)
  finishFunctionComponent (C:\Projects\Workhub\node_modules\react-dom\cjs\react-dom-server-legacy.node.development.js:5106:13)
λ  WARN  "shadow*" style props are deprecated. Use "boxShadow". 
  console.warn (C:\Projects\Workhub\node_modules\@expo\cli\src\start\server\serverLogLikeMetro.ts:177:21)
  warnOnce (C:\Projects\Workhub\node_modules\react-native-web\dist\modules\warnOnce\index.js:24:13)
  preprocess (C:\Projects\Workhub\node_modules\react-native-web\dist\exports\StyleSheet\preprocess.js:136:13)
  compileAndInsertAtomic (C:\Projects\Workhub\node_modules\react-native-web\dist\exports\StyleSheet\index.js:56:34)
  forEach (C:\Projects\Workhub\node_modules\react-native-web\dist\exports\StyleSheet\index.js:99:26)
  Function.create (C:\Projects\Workhub\node_modules\react-native-web\dist\exports\StyleSheet\index.js:87:23)
  factory (C:\Projects\Workhub\workhub-mobile\src\components\protected-screen.tsx:206:12)
  loadModuleImplementation (C:\Projects\Workhub\node_modules\@expo\cli\build\metro-require\require.js:248:36)
  guardedLoadModule (C:\Projects\Workhub\node_modules\@expo\cli\build\metro-require\require.js:163:16)
  _dependencyMap (C:\Projects\Workhub\node_modules\@expo\cli\build\metro-require\require.js:74:75)
  factory (C:\Projects\Workhub\workhub-mobile\src\app\calendar\[date].tsx:3:1)
  loadModuleImplementation (C:\Projects\Workhub\node_modules\@expo\cli\build\metro-require\require.js:248:36)
  guardedLoadModule (C:\Projects\Workhub\node_modules\@expo\cli\build\metro-require\require.js:156:27)
  require (C:\Projects\Workhub\node_modules\@expo\cli\build\metro-require\require.js:74:75)
  Object.loadRoute (C:\Projects\Workhub\node_modules\expo-router\build\getRoutesCore.js:233:35)
  getDirectoryTree (C:\Projects\Workhub\node_modules\expo-router\build\getRoutesCore.js:311:40)
  getRoutes (C:\Projects\Workhub\node_modules\expo-router\build\getRoutesCore.js:23:27)
  getRoutes (C:\Projects\Workhub\node_modules\expo-router\build\getRoutes.js:20:41)
  useStore (C:\Projects\Workhub\node_modules\expo-router\build\global-state\router-store.js:145:48)
  getCurrentTime (C:\Projects\Workhub\node_modules\expo-router\build\ExpoRoot.js:125:46)
  Object.propName [as react_stack_bottom_frame] (C:\Projects\Workhub\node_modules\react-dom\cjs\react-dom-server-legacy.node.development.js:9838:7)
  prevKeyPath$jscomp$0 (C:\Projects\Workhub\node_modules\react-dom\cjs\react-dom-server-legacy.node.development.js:5115:22)
  renderElement (C:\Projects\Workhub\node_modules\react-dom\cjs\react-dom-server-legacy.node.development.js:5567:13)
  retryNode (C:\Projects\Workhub\node_modules\react-dom\cjs\react-dom-server-legacy.node.development.js:6472:14)
  renderNodeDestructive (C:\Projects\Workhub\node_modules\react-dom\cjs\react-dom-server-legacy.node.development.js:6437:69)
  finishFunctionComponent (C:\Projects\Workhub\node_modules\react-dom\cjs\react-dom-server-legacy.node.development.js:5155:58)
  retryNode (C:\Projects\Workhub\node_modules\react-dom\cjs\react-dom-server-legacy.node.development.js:6472:14)
  renderNodeDestructive (C:\Projects\Workhub\node_modules\react-dom\cjs\react-dom-server-legacy.node.development.js:6437:69)
  finishFunctionComponent (C:\Projects\Workhub\node_modules\react-dom\cjs\react-dom-server-legacy.node.development.js:5155:58)
  retryNode (C:\Projects\Workhub\node_modules\react-dom\cjs\react-dom-server-legacy.node.development.js:6472:14)
  renderElement (C:\Projects\Workhub\node_modules\react-dom\cjs\react-dom-server-legacy.node.development.js:6437:69)
  renderElement (C:\Projects\Workhub\node_modules\react-dom\cjs\react-dom-server-legacy.node.development.js:6107:15)
  retryNode (C:\Projects\Workhub\node_modules\react-dom\cjs\react-dom-server-legacy.node.development.js:6472:14)
  renderElement (C:\Projects\Workhub\node_modules\react-dom\cjs\react-dom-server-legacy.node.development.js:6437:69)
  renderElement (C:\Projects\Workhub\node_modules\react-dom\cjs\react-dom-server-legacy.node.development.js:6107:15)
  retryNode (C:\Projects\Workhub\node_modules\react-dom\cjs\react-dom-server-legacy.node.development.js:6472:14)
  renderNodeDestructive (C:\Projects\Workhub\node_modules\react-dom\cjs\react-dom-server-legacy.node.development.js:6437:69)
  renderNodeDestructive (C:\Projects\Workhub\node_modules\react-dom\cjs\react-dom-server-legacy.node.development.js:5155:58)
  renderElement (C:\Projects\Workhub\node_modules\react-dom\cjs\react-dom-server-legacy.node.development.js:6063:15)
  retryNode (C:\Projects\Workhub\node_modules\react-dom\cjs\react-dom-server-legacy.node.development.js:6472:14)
  renderElement (C:\Projects\Workhub\node_modules\react-dom\cjs\react-dom-server-legacy.node.development.js:6437:69)
  renderElement (C:\Projects\Workhub\node_modules\react-dom\cjs\react-dom-server-legacy.node.development.js:6107:15)
  retryNode (C:\Projects\Workhub\node_modules\react-dom\cjs\react-dom-server-legacy.node.development.js:6472:14)
  renderNodeDestructive (C:\Projects\Workhub\node_modules\react-dom\cjs\react-dom-server-legacy.node.development.js:6437:69)
  finishFunctionComponent (C:\Projects\Workhub\node_modules\react-dom\cjs\react-dom-server-legacy.node.development.js:5155:58)
C:\Projects\Workhub\node_modules\@expo\cli\build\src\utils\errors.js:130
    throw error;
    ^

Error: ENOENT: no such file or directory, watch 'C:\Projects\Workhub\workhub-web\.next\export'
    at FSWatcher.<computed> (node:internal/fs/watchers:254:19)
    at Object.watch (node:fs:2549:36)
    at FallbackWatcher.#watchdir (C:\Projects\Workhub\node_modules\metro-file-map\src\watchers\FallbackWatcher.js:133:33)
    at C:\Projects\Workhub\node_modules\metro-file-map\src\watchers\FallbackWatcher.js:233:31
    at Walker.<anonymous> (C:\Projects\Workhub\node_modules\metro-file-map\src\watchers\FallbackWatcher.js:378:5)
    at Walker.emit (node:events:518:28)
    at C:\Projects\Workhub\node_modules\walker\lib\walker.js:69:16
    at FSReqCallback.oncomplete (node:fs:187:23)
    at FSReqCallback.callbackTrampoline (node:internal/async_hooks:130:17) {
  errno: -4058,
  syscall: 'watch',
  code: 'ENOENT',
  path: 'C:\\Projects\\Workhub\\workhub-web\\.next\\export',
  filename: 'C:\\Projects\\Workhub\\workhub-web\\.next\\export'
}

Node.js v22.18.0
npm error Lifecycle script `dev` failed with error:
npm error code 7
npm error path C:\Projects\Workhub\workhub-mobile
npm error workspace workhub-mobile@1.0.0
npm error location C:\Projects\Workhub\workhub-mobile
npm error command failed
npm error command C:\WINDOWS\system32\cmd.exe /d /s /c expo start
